
[1m[36m==> 本地编译机环境检查[0m
[34m[INFO ][0m 2026-06-05 17:52:59 OS: Darwin 23.6.0 x86_64
[32m[ OK  ][0m 2026-06-05 17:52:59 Java 已安装：java version "1.8.0_171"
[32m[ OK  ][0m 2026-06-05 17:53:00 Maven 已安装：Apache Maven 3.8.2 (ea98e05a04480131370aa0c110b8c54cf726c06f)
[32m[ OK  ][0m 2026-06-05 17:53:00 ssh / scp 可用
[32m[ OK  ][0m 2026-06-05 17:53:00 Maven 工程已识别：/Users/zhongqihui/go/src/git.code.oa.com/gamecloud/mawuya/pom.xml
[32m[ OK  ][0m 2026-06-05 17:53:01 Maven 中央仓库可达

[1m[36m==> 远端 Linux 服务器检查[0m

[1m[36m==> 请输入远程 Linux 服务器信息[0m
服务器 IP 地址: SSH 端口 [22]: 登录用户名 [root]: 认证方式 (1=密码, 2=密钥免密) [1]: 登录密码（输入不回显）: 
[34m[INFO ][0m 2026-06-05 17:53:35 测试 SSH 连接 root@43.129.204.32:22 ...
[32m[ OK  ][0m 2026-06-05 17:53:36 SSH 连接正常
/etc/profile.d/lang.sh: line 19: warning: setlocale: LC_CTYPE: cannot change locale (UTF-8): No such file or directory
curl: (22) The requested URL returned error: 401 Unauthorized
[32m[ OK  ][0m 2026-06-05 17:53:37 OS: CentOS Linux 7 (Core) | Kernel: 4.14.129-bbrplus
[32m[ OK  ][0m 2026-06-05 17:53:37 内存：1992 MB
[32m[ OK  ][0m 2026-06-05 17:53:37 CPU 核心：1
[32m[ OK  ][0m 2026-06-05 17:53:37 磁盘 /usr/local 可用：33 GB
[33m[WARN ][0m 2026-06-05 17:53:37 Docker Hub 不可达，镜像拉取可能失败（可配置 daemon.json registry-mirrors）
[31m[ERROR][0m 2026-06-05 17:53:37 未安装 Docker 
[31m[ERROR][0m 2026-06-05 17:53:37 未安装 docker compose 
[32m[ OK  ][0m 2026-06-05 17:53:37 端口 8080（AMS）空闲
[32m[ OK  ][0m 2026-06-05 17:53:37 端口 8081（BMS）空闲
[32m[ OK  ][0m 2026-06-05 17:53:37 端口 3306（MySQL）空闲
[32m[ OK  ][0m 2026-06-05 17:53:37 部署目录可写：/usr/local/services/mawuya

[1m[36m==> 检查报告汇总[0m
总计：16  通过：[32m13[0m  警告：[33m1[0m  失败：[31m2[0m
[34m[INFO ][0m 2026-06-05 17:53:37 完整报告：/Users/zhongqihui/go/src/git.code.oa.com/gamecloud/mawuya/deploy/logs/precheck-20260605_175259.log
[31m[ERROR][0m 2026-06-05 17:53:37 存在关键项未通过，请按下列建议修复后重试：
  1)  安装：curl -fsSL https://get.docker.com | sh && systemctl enable --now docker
  2)  yum install -y docker-compose-plugin 或 apt install -y docker-compose-plugin
